{
  "annotations": {
    "idempotentHint": false,
    "readOnlyHint": true,
    "title": "Get code scanning alert"
  },
  "description": "Get details of a specific code scanning alert in a GitHub repository.",
  "inputSchema": {
    "properties": {
      "alertNumber": {
        "description": "The number of the alert.",
        "type": "number"
      },
      "owner": {
        "description": "The owner of the repository.",
        "type": "string"
      },
      "repo": {
        "description": "The name of the repository.",
        "type": "string"
      }
    },
    "required": [
      "owner",
      "repo",
      "alertNumber"
    ],
    "type": "object"
  },
  "name": "get_code_scanning_alert",
  "outputSchema": {
    "additionalProperties": false,
    "properties": {
      "dismissed_comment": {
        "type": [
          "null",
          "string"
        ]
      },
      "dismissed_reason": {
        "type": [
          "null",
          "string"
        ]
      },
      "html_url": {
        "type": [
          "null",
          "string"
        ]
      },
      "most_recent_instance": {
        "additionalProperties": false,
        "properties": {
          "commit_sha": {
            "type": [
              "null",
              "string"
            ]
          },
          "html_url": {
            "type": [
              "null",
              "string"
            ]
          },
          "location": {
            "additionalProperties": false,
            "properties": {
              "end_column": {
                "type": [
                  "null",
                  "integer"
                ]
              },
              "end_line": {
                "type": [
                  "null",
                  "integer"
                ]
              },
              "path": {
                "type": [
                  "null",
                  "string"
                ]
              },
              "start_column": {
                "type": [
                  "null",
                  "integer"
                ]
              },
              "start_line": {
                "type": [
                  "null",
                  "integer"
                ]
              }
            },
            "type": [
              "null",
              "object"
            ]
          },
          "message": {
            "type": [
              "null",
              "string"
            ]
          },
          "ref": {
            "type": [
              "null",
              "string"
            ]
          },
          "state": {
            "type": [
              "null",
              "string"
            ]
          }
        },
        "type": [
          "null",
          "object"
        ]
      },
      "number": {
        "type": [
          "null",
          "integer"
        ]
      },
      "rule": {
        "additionalProperties": false,
        "properties": {
          "description": {
            "type": [
              "null",
              "string"
            ]
          },
          "help": {
            "type": [
              "null",
              "string"
            ]
          },
          "id": {
            "type": [
              "null",
              "string"
            ]
          },
          "name": {
            "type": [
              "null",
              "string"
            ]
          },
          "security_severity_level": {
            "description": "Security impact level, distinct from rule diagnostic severity.",
            "type": [
              "null",
              "string"
            ]
          },
          "severity": {
            "type": [
              "null",
              "string"
            ]
          }
        },
        "type": [
          "null",
          "object"
        ]
      },
      "state": {
        "type": [
          "null",
          "string"
        ]
      }
    },
    "type": [
      "null",
      "object"
    ]
  }
}