{
  "annotations": {
    "idempotentHint": false,
    "readOnlyHint": true,
    "title": "Get tag details"
  },
  "description": "Get details about a specific git tag in a GitHub repository",
  "icons": [
    {
      "mimeType": "image/png",
      "src": "data:image/png;base64,iVBORw0KGgoAAAANSUhEUgAAABgAAAAYCAYAAADgdz34AAAABmJLR0QA/wD/AP+gvaeTAAABTklEQVRIie2UPUvDUBSGn5PW2qnYwUXExWhNpY2CUKT+BB10E3R0dnbrppuKLgouHbr5X5qlKRIFB+cuguBHj4O05KYfNsVJ+m7n3Hue54ZcrhDKQqGQTX1YVwg7QIbx0gh8b7VTJMMrqS+5RtgD7oDX2GhhC6UcbhkCVLZVuX1sesex4YCdX6uAGgIrsicjlrTGgQ9KVPDnmQgmgongPwgkXNiOq8ADMAtkx4UGvtflJvus20ANeIlN/vW5/kkt8L3D2HD6P9dRgSI8dQcc9w1IR3acBE3vbFSp8ZMVnoFSqJ/unZDe3pAYXyDIJarn9opbDZrewaAh2y7Oy5S1r6h5QG2Xxbw3piDw6xe244oKyxFmC5ihc+tS1qaqngKJyAEBGmZvSGzHVYT790T7aPozsaFoFZGboFGvDJsbOYuOuxuuc7n1uaV8sRSH8Q1DUVLnYLty3gAAAABJRU5ErkJggg==",
      "theme": "light"
    },
    {
      "mimeType": "image/png",
      "src": "data:image/png;base64,iVBORw0KGgoAAAANSUhEUgAAABgAAAAYCAYAAADgdz34AAAABmJLR0QA/wD/AP+gvaeTAAAA+ElEQVRIie2WLU5DQRRGzwUEirQCQ9BsoSGtZQHgSFgIsg4JXQCGP8V2QCBIEATZkJDgOJi+MJnMo30TFHmfmzvzfeeKyZ2BROpQvVHfrddDmhkZ4BY4Ai6BD7prAowjIoq7i85nFcGNf6qa1tayM1vAvBZQUg74c/WAHtAD/gMgn6YCT8A2MKwOTaZpCfAF3AGvFdlLx7XqdUVw4186rgWeE8Nn4cU67QLNAS/ASG3qmwVPqdaqjWw9A86BK+CkzaTuAseFBse/AiLiQg1gLzs3Bwb8XIp94AxYL/Af2xordap6v/htHKhv6nTlgBUAh9l6Rx11yfgG8ne/zwh2OysAAAAASUVORK5CYII=",
      "theme": "dark"
    }
  ],
  "inputSchema": {
    "properties": {
      "owner": {
        "description": "Repository owner",
        "type": "string",
        "x-mcp-header": "owner"
      },
      "repo": {
        "description": "Repository name",
        "type": "string",
        "x-mcp-header": "repo"
      },
      "tag": {
        "description": "Tag name",
        "type": "string"
      }
    },
    "required": [
      "owner",
      "repo",
      "tag"
    ],
    "type": "object"
  },
  "name": "get_tag",
  "outputSchema": {
    "oneOf": [
      {
        "type": "null"
      },
      {
        "additionalProperties": false,
        "properties": {
          "object": {
            "additionalProperties": false,
            "properties": {
              "sha": {
                "type": "string"
              },
              "type": {
                "description": "Git object kind: commit, tag, tree, or blob.",
                "type": "string"
              }
            },
            "required": [
              "type",
              "sha"
            ],
            "type": "object"
          },
          "ref": {
            "description": "Fully qualified reference, such as refs/heads/main.",
            "type": "string"
          }
        },
        "required": [
          "ref",
          "object"
        ],
        "type": "object"
      },
      {
        "additionalProperties": false,
        "properties": {
          "message": {
            "type": "string"
          },
          "object": {
            "additionalProperties": false,
            "properties": {
              "sha": {
                "type": "string"
              },
              "type": {
                "description": "Git object kind: commit, tag, tree, or blob.",
                "type": "string"
              }
            },
            "required": [
              "type",
              "sha"
            ],
            "type": [
              "null",
              "object"
            ]
          },
          "sha": {
            "type": "string"
          },
          "tag": {
            "type": "string"
          },
          "tagger": {
            "additionalProperties": false,
            "properties": {
              "date": {
                "description": "Tagger time in RFC3339 format.",
                "type": "string"
              },
              "email": {
                "type": "string"
              },
              "name": {
                "type": "string"
              }
            },
            "type": [
              "null",
              "object"
            ]
          }
        },
        "required": [
          "tag",
          "sha"
        ],
        "type": "object"
      }
    ]
  }
}