{
  "annotations": {
    "idempotentHint": false,
    "readOnlyHint": true,
    "title": "Get GitHub Actions workflow job logs"
  },
  "description": "Get logs for GitHub Actions workflow jobs.\nUse this tool to retrieve logs for a specific job or all failed jobs in a workflow run.\nFor single job logs, provide job_id. For all failed jobs in a run, provide run_id with failed_only=true.\n",
  "inputSchema": {
    "properties": {
      "failed_only": {
        "description": "When true, gets logs for all failed jobs in the workflow run specified by run_id. Requires run_id to be provided.",
        "type": "boolean"
      },
      "job_id": {
        "description": "The unique identifier of the workflow job. Required when getting logs for a single job.",
        "type": "number"
      },
      "owner": {
        "description": "Repository owner",
        "type": "string"
      },
      "repo": {
        "description": "Repository name",
        "type": "string"
      },
      "return_content": {
        "description": "Returns actual log content instead of URLs",
        "type": "boolean"
      },
      "run_id": {
        "description": "The unique identifier of the workflow run. Required when failed_only is true to get logs for all failed jobs in the run.",
        "type": "number"
      },
      "tail_lines": {
        "default": 500,
        "description": "Number of lines to return from the end of the log",
        "type": "number"
      }
    },
    "required": [
      "owner",
      "repo"
    ],
    "type": "object"
  },
  "name": "get_job_logs",
  "outputSchema": {
    "oneOf": [
      {
        "type": "null"
      },
      {
        "additionalProperties": false,
        "properties": {
          "job_id": {
            "type": "integer"
          },
          "job_name": {
            "type": "string"
          },
          "logs_content": {
            "type": "string"
          },
          "message": {
            "type": "string"
          },
          "original_length": {
            "description": "Number of log lines before truncation.",
            "type": "integer"
          }
        },
        "required": [
          "job_id",
          "logs_content",
          "message",
          "original_length"
        ],
        "type": "object"
      },
      {
        "additionalProperties": false,
        "properties": {
          "job_id": {
            "type": "integer"
          },
          "job_name": {
            "type": "string"
          },
          "logs_url": {
            "type": "string"
          },
          "message": {
            "type": "string"
          },
          "note": {
            "type": "string"
          }
        },
        "required": [
          "job_id",
          "logs_url",
          "message",
          "note"
        ],
        "type": "object"
      },
      {
        "additionalProperties": false,
        "properties": {
          "failed_jobs": {
            "type": "integer"
          },
          "logs": {
            "items": {
              "oneOf": [
                {
                  "additionalProperties": false,
                  "properties": {
                    "job_id": {
                      "type": "integer"
                    },
                    "job_name": {
                      "type": "string"
                    },
                    "logs_content": {
                      "type": "string"
                    },
                    "message": {
                      "type": "string"
                    },
                    "original_length": {
                      "description": "Number of log lines before truncation.",
                      "type": "integer"
                    }
                  },
                  "required": [
                    "job_id",
                    "logs_content",
                    "message",
                    "original_length"
                  ],
                  "type": "object"
                },
                {
                  "additionalProperties": false,
                  "properties": {
                    "job_id": {
                      "type": "integer"
                    },
                    "job_name": {
                      "type": "string"
                    },
                    "logs_url": {
                      "type": "string"
                    },
                    "message": {
                      "type": "string"
                    },
                    "note": {
                      "type": "string"
                    }
                  },
                  "required": [
                    "job_id",
                    "logs_url",
                    "message",
                    "note"
                  ],
                  "type": "object"
                },
                {
                  "additionalProperties": false,
                  "properties": {
                    "error": {
                      "type": "string"
                    },
                    "job_id": {
                      "type": "integer"
                    },
                    "job_name": {
                      "type": "string"
                    }
                  },
                  "required": [
                    "error",
                    "job_id",
                    "job_name"
                  ],
                  "type": "object"
                }
              ]
            },
            "type": [
              "null",
              "array"
            ]
          },
          "message": {
            "type": "string"
          },
          "return_format": {
            "additionalProperties": false,
            "properties": {
              "content": {
                "type": "boolean"
              },
              "urls": {
                "type": "boolean"
              }
            },
            "required": [
              "content",
              "urls"
            ],
            "type": [
              "null",
              "object"
            ]
          },
          "run_id": {
            "type": "integer"
          },
          "total_jobs": {
            "type": "integer"
          }
        },
        "required": [
          "failed_jobs",
          "message",
          "run_id",
          "total_jobs"
        ],
        "type": "object"
      }
    ]
  }
}