{
  "annotations": {
    "idempotentHint": false,
    "readOnlyHint": true,
    "title": "Get issue details"
  },
  "description": "Get information about a specific issue in a GitHub repository.",
  "inputSchema": {
    "properties": {
      "issue_number": {
        "description": "The number of the issue",
        "type": "number"
      },
      "method": {
        "description": "The read operation to perform on a single issue.\nOptions are:\n1. get - Get issue details. Also returns best-effort hierarchy flags (`has_parent`, `has_children`); `parent` and `sub_issues_summary` are optional relationship summaries, and `closed_by_pull_requests` summarizes the pull requests configured to close the issue as `total_count` plus up to 5 `references`.\n2. get_comments - Get issue comments.\n3. get_sub_issues - Get sub-issues (children) of the issue.\n4. get_parent - Get the parent issue, if this issue is a sub-issue of another.\n5. get_labels - Get labels assigned to the issue.\n",
        "enum": [
          "get",
          "get_comments",
          "get_sub_issues",
          "get_parent",
          "get_labels"
        ],
        "type": "string"
      },
      "owner": {
        "description": "The owner of the repository",
        "type": "string"
      },
      "page": {
        "description": "Page number for pagination (min 1)",
        "minimum": 1,
        "type": "number"
      },
      "perPage": {
        "description": "Results per page for pagination (min 1, max 100)",
        "maximum": 100,
        "minimum": 1,
        "type": "number"
      },
      "repo": {
        "description": "The name of the repository",
        "type": "string"
      }
    },
    "required": [
      "method",
      "owner",
      "repo",
      "issue_number"
    ],
    "type": "object"
  },
  "name": "issue_read",
  "outputSchema": {
    "additionalProperties": false,
    "oneOf": [
      {
        "properties": {
          "comments": {
            "not": {
              "description": "Any value."
            }
          },
          "labels": {
            "not": {
              "description": "Any value."
            }
          },
          "method": {
            "enum": [
              "get"
            ]
          },
          "parent": {
            "not": {
              "description": "Any value."
            }
          },
          "sub_issues": {
            "not": {
              "description": "Any value."
            }
          },
          "totalCount": {
            "not": {
              "description": "Any value."
            }
          }
        },
        "required": [
          "issue"
        ]
      },
      {
        "properties": {
          "issue": {
            "not": {
              "description": "Any value."
            }
          },
          "labels": {
            "not": {
              "description": "Any value."
            }
          },
          "method": {
            "enum": [
              "get_comments"
            ]
          },
          "parent": {
            "not": {
              "description": "Any value."
            }
          },
          "sub_issues": {
            "not": {
              "description": "Any value."
            }
          },
          "totalCount": {
            "not": {
              "description": "Any value."
            }
          }
        },
        "required": [
          "comments"
        ]
      },
      {
        "properties": {
          "comments": {
            "not": {
              "description": "Any value."
            }
          },
          "issue": {
            "not": {
              "description": "Any value."
            }
          },
          "labels": {
            "not": {
              "description": "Any value."
            }
          },
          "method": {
            "enum": [
              "get_sub_issues"
            ]
          },
          "parent": {
            "not": {
              "description": "Any value."
            }
          },
          "totalCount": {
            "not": {
              "description": "Any value."
            }
          }
        },
        "required": [
          "sub_issues"
        ]
      },
      {
        "properties": {
          "comments": {
            "not": {
              "description": "Any value."
            }
          },
          "issue": {
            "not": {
              "description": "Any value."
            }
          },
          "labels": {
            "not": {
              "description": "Any value."
            }
          },
          "method": {
            "enum": [
              "get_parent"
            ]
          },
          "sub_issues": {
            "not": {
              "description": "Any value."
            }
          },
          "totalCount": {
            "not": {
              "description": "Any value."
            }
          }
        },
        "required": [
          "parent"
        ]
      },
      {
        "properties": {
          "comments": {
            "not": {
              "description": "Any value."
            }
          },
          "issue": {
            "not": {
              "description": "Any value."
            }
          },
          "method": {
            "enum": [
              "get_labels"
            ]
          },
          "parent": {
            "not": {
              "description": "Any value."
            }
          },
          "sub_issues": {
            "not": {
              "description": "Any value."
            }
          }
        },
        "required": [
          "labels",
          "totalCount"
        ]
      }
    ],
    "properties": {
      "comments": {
        "items": {
          "additionalProperties": false,
          "properties": {
            "author_association": {
              "type": "string"
            },
            "body": {
              "type": "string"
            },
            "created_at": {
              "description": "Creation time (RFC 3339).",
              "type": "string"
            },
            "html_url": {
              "description": "Human-readable comment link.",
              "type": "string"
            },
            "id": {
              "type": "integer"
            },
            "reactions": {
              "additionalProperties": false,
              "properties": {
                "+1": {
                  "type": "integer"
                },
                "-1": {
                  "type": "integer"
                },
                "confused": {
                  "type": "integer"
                },
                "eyes": {
                  "type": "integer"
                },
                "heart": {
                  "type": "integer"
                },
                "hooray": {
                  "type": "integer"
                },
                "laugh": {
                  "type": "integer"
                },
                "rocket": {
                  "type": "integer"
                },
                "total_count": {
                  "type": "integer"
                }
              },
              "required": [
                "total_count",
                "+1",
                "-1",
                "laugh",
                "confused",
                "heart",
                "hooray",
                "rocket",
                "eyes"
              ],
              "type": [
                "null",
                "object"
              ]
            },
            "updated_at": {
              "description": "Last update time (RFC 3339).",
              "type": "string"
            },
            "user": {
              "additionalProperties": false,
              "properties": {
                "id": {
                  "type": "integer"
                },
                "login": {
                  "type": "string"
                }
              },
              "required": [
                "login"
              ],
              "type": [
                "null",
                "object"
              ]
            }
          },
          "required": [
            "id",
            "html_url"
          ],
          "type": "object"
        },
        "type": [
          "null",
          "array"
        ]
      },
      "issue": {
        "additionalProperties": false,
        "properties": {
          "assignees": {
            "items": {
              "type": "string"
            },
            "type": [
              "null",
              "array"
            ]
          },
          "author_association": {
            "type": "string"
          },
          "body": {
            "type": "string"
          },
          "closed_at": {
            "description": "Closure time (RFC 3339), when closed.",
            "type": "string"
          },
          "closed_by": {
            "type": "string"
          },
          "closed_by_pull_requests": {
            "additionalProperties": false,
            "properties": {
              "references": {
                "items": {
                  "additionalProperties": false,
                  "properties": {
                    "number": {
                      "type": "integer"
                    },
                    "repository": {
                      "type": "string"
                    },
                    "state": {
                      "type": "string"
                    },
                    "title": {
                      "type": "string"
                    },
                    "url": {
                      "type": "string"
                    }
                  },
                  "required": [
                    "number",
                    "title",
                    "state",
                    "url"
                  ],
                  "type": "object"
                },
                "type": [
                  "null",
                  "array"
                ]
              },
              "total_count": {
                "type": "integer"
              }
            },
            "required": [
              "total_count",
              "references"
            ],
            "type": [
              "null",
              "object"
            ]
          },
          "comments": {
            "description": "Number of comments.",
            "type": "integer"
          },
          "created_at": {
            "description": "Creation time (RFC 3339).",
            "type": "string"
          },
          "draft": {
            "type": "boolean"
          },
          "field_values": {
            "items": {
              "additionalProperties": false,
              "properties": {
                "field": {
                  "type": "string"
                },
                "value": {
                  "type": "string"
                },
                "values": {
                  "items": {
                    "type": "string"
                  },
                  "type": [
                    "null",
                    "array"
                  ]
                }
              },
              "required": [
                "field"
              ],
              "type": "object"
            },
            "type": [
              "null",
              "array"
            ]
          },
          "has_children": {
            "type": [
              "null",
              "boolean"
            ]
          },
          "has_parent": {
            "type": [
              "null",
              "boolean"
            ]
          },
          "html_url": {
            "description": "Human-readable issue link.",
            "type": "string"
          },
          "issue_type": {
            "type": "string"
          },
          "labels": {
            "items": {
              "type": "string"
            },
            "type": [
              "null",
              "array"
            ]
          },
          "locked": {
            "type": "boolean"
          },
          "milestone": {
            "type": "string"
          },
          "number": {
            "type": "integer"
          },
          "parent": {
            "additionalProperties": false,
            "properties": {
              "number": {
                "type": "integer"
              },
              "repository": {
                "type": "string"
              },
              "state": {
                "type": "string"
              },
              "title": {
                "type": "string"
              },
              "url": {
                "type": "string"
              }
            },
            "required": [
              "number",
              "title",
              "state",
              "url"
            ],
            "type": [
              "null",
              "object"
            ]
          },
          "reactions": {
            "additionalProperties": false,
            "properties": {
              "+1": {
                "type": "integer"
              },
              "-1": {
                "type": "integer"
              },
              "confused": {
                "type": "integer"
              },
              "eyes": {
                "type": "integer"
              },
              "heart": {
                "type": "integer"
              },
              "hooray": {
                "type": "integer"
              },
              "laugh": {
                "type": "integer"
              },
              "rocket": {
                "type": "integer"
              },
              "total_count": {
                "type": "integer"
              }
            },
            "required": [
              "total_count",
              "+1",
              "-1",
              "laugh",
              "confused",
              "heart",
              "hooray",
              "rocket",
              "eyes"
            ],
            "type": [
              "null",
              "object"
            ]
          },
          "state": {
            "description": "Issue state (lowercase REST value).",
            "enum": [
              "",
              "open",
              "closed"
            ],
            "type": "string"
          },
          "state_reason": {
            "enum": [
              "completed",
              "not_planned",
              "reopened",
              "duplicate"
            ],
            "type": "string"
          },
          "sub_issues_summary": {
            "additionalProperties": false,
            "properties": {
              "completed": {
                "description": "Number of completed sub-issues.",
                "type": "integer"
              },
              "percent_completed": {
                "description": "Completed sub-issues as a percentage (0-100).",
                "type": "integer"
              },
              "total": {
                "description": "Total number of sub-issues.",
                "type": "integer"
              }
            },
            "required": [
              "total",
              "completed",
              "percent_completed"
            ],
            "type": [
              "null",
              "object"
            ]
          },
          "title": {
            "type": "string"
          },
          "updated_at": {
            "description": "Last update time (RFC 3339).",
            "type": "string"
          },
          "user": {
            "additionalProperties": false,
            "properties": {
              "id": {
                "type": "integer"
              },
              "login": {
                "type": "string"
              }
            },
            "required": [
              "login"
            ],
            "type": [
              "null",
              "object"
            ]
          }
        },
        "required": [
          "number",
          "title",
          "state",
          "assignees"
        ],
        "type": [
          "null",
          "object"
        ]
      },
      "labels": {
        "items": {
          "additionalProperties": false,
          "properties": {
            "color": {
              "type": "string"
            },
            "description": {
              "type": "string"
            },
            "id": {
              "type": "string"
            },
            "name": {
              "type": "string"
            }
          },
          "required": [
            "color",
            "description",
            "id",
            "name"
          ],
          "type": "object"
        },
        "type": [
          "null",
          "array"
        ]
      },
      "method": {
        "enum": [
          "get",
          "get_comments",
          "get_sub_issues",
          "get_parent",
          "get_labels"
        ],
        "type": "string"
      },
      "parent": {
        "additionalProperties": false,
        "properties": {
          "number": {
            "type": "integer"
          },
          "repository": {
            "type": "string"
          },
          "state": {
            "description": "Parent issue state (uppercase GraphQL value).",
            "enum": [
              "",
              "OPEN",
              "CLOSED"
            ],
            "type": "string"
          },
          "title": {
            "type": "string"
          },
          "url": {
            "description": "Human-readable parent issue link.",
            "type": "string"
          }
        },
        "required": [
          "number",
          "repository",
          "state",
          "title",
          "url"
        ],
        "type": [
          "null",
          "object"
        ]
      },
      "sub_issues": {
        "items": {
          "additionalProperties": false,
          "properties": {
            "assignees": {
              "items": {
                "type": "string"
              },
              "type": [
                "null",
                "array"
              ]
            },
            "body": {
              "type": [
                "null",
                "string"
              ]
            },
            "closed_at": {
              "description": "Closure time (RFC 3339), when closed.",
              "type": "string"
            },
            "comments": {
              "description": "Number of comments.",
              "type": [
                "null",
                "integer"
              ]
            },
            "created_at": {
              "description": "Creation time (RFC 3339).",
              "type": "string"
            },
            "field_values": {
              "items": {
                "additionalProperties": false,
                "properties": {
                  "data_type": {
                    "description": "REST issue field type.",
                    "enum": [
                      "text",
                      "number",
                      "date",
                      "single_select"
                    ],
                    "type": "string"
                  },
                  "issue_field_id": {
                    "type": "integer"
                  },
                  "value": {
                    "type": [
                      "string",
                      "number",
                      "boolean",
                      "null"
                    ]
                  }
                },
                "required": [
                  "issue_field_id",
                  "data_type",
                  "value"
                ],
                "type": [
                  "null",
                  "object"
                ]
              },
              "type": [
                "null",
                "array"
              ]
            },
            "html_url": {
              "description": "Human-readable issue link.",
              "type": [
                "null",
                "string"
              ]
            },
            "id": {
              "type": [
                "null",
                "integer"
              ]
            },
            "issue_type": {
              "type": "string"
            },
            "labels": {
              "items": {
                "type": "string"
              },
              "type": [
                "null",
                "array"
              ]
            },
            "milestone": {
              "type": "string"
            },
            "number": {
              "type": [
                "null",
                "integer"
              ]
            },
            "state": {
              "description": "Issue state (lowercase REST value).",
              "enum": [
                "open",
                "closed"
              ],
              "type": [
                "null",
                "string"
              ]
            },
            "state_reason": {
              "enum": [
                "completed",
                "not_planned",
                "reopened",
                "duplicate"
              ],
              "type": [
                "null",
                "string"
              ]
            },
            "sub_issues_summary": {
              "additionalProperties": false,
              "properties": {
                "completed": {
                  "description": "Number of completed sub-issues.",
                  "type": "integer"
                },
                "percent_completed": {
                  "description": "Completed sub-issues as a percentage (0-100).",
                  "type": "integer"
                },
                "total": {
                  "description": "Total number of sub-issues.",
                  "type": "integer"
                }
              },
              "required": [
                "total",
                "completed",
                "percent_completed"
              ],
              "type": [
                "null",
                "object"
              ]
            },
            "title": {
              "type": [
                "null",
                "string"
              ]
            },
            "updated_at": {
              "description": "Last update time (RFC 3339).",
              "type": "string"
            },
            "user": {
              "additionalProperties": false,
              "properties": {
                "id": {
                  "type": "integer"
                },
                "login": {
                  "type": "string"
                }
              },
              "required": [
                "login"
              ],
              "type": [
                "null",
                "object"
              ]
            }
          },
          "required": [
            "assignees"
          ],
          "type": [
            "object",
            "null"
          ]
        },
        "type": [
          "array",
          "null"
        ]
      },
      "totalCount": {
        "type": [
          "null",
          "integer"
        ]
      }
    },
    "required": [
      "method"
    ],
    "type": "object"
  }
}