{
  "annotations": {
    "idempotentHint": false,
    "readOnlyHint": true,
    "title": "List commits"
  },
  "description": "Get list of commits of a branch in a GitHub repository. Returns at least 30 results per page by default, but can return more if specified using the perPage parameter (up to 100).",
  "icons": [
    {
      "mimeType": "image/png",
      "src": "data:image/png;base64,iVBORw0KGgoAAAANSUhEUgAAABgAAAAYCAYAAADgdz34AAAABmJLR0QA/wD/AP+gvaeTAAABTklEQVRIie2UPUvDUBSGn5PW2qnYwUXExWhNpY2CUKT+BB10E3R0dnbrppuKLgouHbr5X5qlKRIFB+cuguBHj4O05KYfNsVJ+m7n3Hue54ZcrhDKQqGQTX1YVwg7QIbx0gh8b7VTJMMrqS+5RtgD7oDX2GhhC6UcbhkCVLZVuX1sesex4YCdX6uAGgIrsicjlrTGgQ9KVPDnmQgmgongPwgkXNiOq8ADMAtkx4UGvtflJvus20ANeIlN/vW5/kkt8L3D2HD6P9dRgSI8dQcc9w1IR3acBE3vbFSp8ZMVnoFSqJ/unZDe3pAYXyDIJarn9opbDZrewaAh2y7Oy5S1r6h5QG2Xxbw3piDw6xe244oKyxFmC5ihc+tS1qaqngKJyAEBGmZvSGzHVYT790T7aPozsaFoFZGboFGvDJsbOYuOuxuuc7n1uaV8sRSH8Q1DUVLnYLty3gAAAABJRU5ErkJggg==",
      "theme": "light"
    },
    {
      "mimeType": "image/png",
      "src": "data:image/png;base64,iVBORw0KGgoAAAANSUhEUgAAABgAAAAYCAYAAADgdz34AAAABmJLR0QA/wD/AP+gvaeTAAAA+ElEQVRIie2WLU5DQRRGzwUEirQCQ9BsoSGtZQHgSFgIsg4JXQCGP8V2QCBIEATZkJDgOJi+MJnMo30TFHmfmzvzfeeKyZ2BROpQvVHfrddDmhkZ4BY4Ai6BD7prAowjIoq7i85nFcGNf6qa1tayM1vAvBZQUg74c/WAHtAD/gMgn6YCT8A2MKwOTaZpCfAF3AGvFdlLx7XqdUVw4186rgWeE8Nn4cU67QLNAS/ASG3qmwVPqdaqjWw9A86BK+CkzaTuAseFBse/AiLiQg1gLzs3Bwb8XIp94AxYL/Af2xordap6v/htHKhv6nTlgBUAh9l6Rx11yfgG8ne/zwh2OysAAAAASUVORK5CYII=",
      "theme": "dark"
    }
  ],
  "inputSchema": {
    "properties": {
      "author": {
        "description": "Author username or email address to filter commits by",
        "type": "string"
      },
      "fields": {
        "description": "Subset of fields to return for each commit. If omitted, all fields are returned. Use this to reduce response size when you only need specific fields, e.g. just 'sha' and 'html_url'.",
        "items": {
          "enum": [
            "sha",
            "html_url",
            "commit",
            "author",
            "committer"
          ],
          "type": "string"
        },
        "type": "array"
      },
      "owner": {
        "description": "Repository owner",
        "type": "string",
        "x-mcp-header": "owner"
      },
      "page": {
        "description": "Page number for pagination (min 1)",
        "minimum": 1,
        "type": "number"
      },
      "path": {
        "description": "Only commits containing this file path will be returned",
        "type": "string"
      },
      "perPage": {
        "description": "Results per page for pagination (min 1, max 100)",
        "maximum": 100,
        "minimum": 1,
        "type": "number"
      },
      "repo": {
        "description": "Repository name",
        "type": "string",
        "x-mcp-header": "repo"
      },
      "sha": {
        "description": "Commit SHA, branch or tag name to list commits of. If not provided, uses the default branch of the repository. If a commit SHA is provided, will list commits up to that SHA.",
        "type": "string"
      },
      "since": {
        "description": "Only commits after this date will be returned (ISO 8601 format: YYYY-MM-DDTHH:MM:SSZ or YYYY-MM-DD)",
        "type": "string"
      },
      "until": {
        "description": "Only commits before this date will be returned (ISO 8601 format: YYYY-MM-DDTHH:MM:SSZ or YYYY-MM-DD)",
        "type": "string"
      }
    },
    "required": [
      "owner",
      "repo"
    ],
    "type": "object"
  },
  "name": "list_commits",
  "outputSchema": {
    "items": {
      "additionalProperties": false,
      "properties": {
        "author": {
          "additionalProperties": false,
          "properties": {
            "avatar_url": {
              "type": "string"
            },
            "details": {
              "additionalProperties": false,
              "properties": {
                "bio": {
                  "type": "string"
                },
                "blog": {
                  "type": "string"
                },
                "company": {
                  "type": "string"
                },
                "created_at": {
                  "description": "Account creation time in RFC3339 format.",
                  "type": "string"
                },
                "email": {
                  "type": "string"
                },
                "followers": {
                  "type": "integer"
                },
                "following": {
                  "type": "integer"
                },
                "hireable": {
                  "type": "boolean"
                },
                "location": {
                  "type": "string"
                },
                "name": {
                  "type": "string"
                },
                "owned_private_repos": {
                  "type": "integer"
                },
                "private_gists": {
                  "type": "integer"
                },
                "public_gists": {
                  "type": "integer"
                },
                "public_repos": {
                  "type": "integer"
                },
                "total_private_repos": {
                  "type": "integer"
                },
                "twitter_username": {
                  "type": "string"
                },
                "updated_at": {
                  "description": "Last profile update time in RFC3339 format.",
                  "type": "string"
                }
              },
              "required": [
                "public_repos",
                "public_gists",
                "followers",
                "following",
                "created_at",
                "updated_at"
              ],
              "type": [
                "null",
                "object"
              ]
            },
            "id": {
              "type": "integer"
            },
            "login": {
              "type": "string"
            },
            "profile_url": {
              "type": "string"
            }
          },
          "required": [
            "login"
          ],
          "type": [
            "null",
            "object"
          ]
        },
        "commit": {
          "additionalProperties": false,
          "properties": {
            "author": {
              "additionalProperties": false,
              "properties": {
                "date": {
                  "type": "string"
                },
                "email": {
                  "type": "string"
                },
                "name": {
                  "type": "string"
                }
              },
              "type": [
                "null",
                "object"
              ]
            },
            "committer": {
              "additionalProperties": false,
              "properties": {
                "date": {
                  "type": "string"
                },
                "email": {
                  "type": "string"
                },
                "name": {
                  "type": "string"
                }
              },
              "type": [
                "null",
                "object"
              ]
            },
            "message": {
              "type": "string"
            }
          },
          "required": [
            "message"
          ],
          "type": [
            "null",
            "object"
          ]
        },
        "committer": {
          "additionalProperties": false,
          "properties": {
            "avatar_url": {
              "type": "string"
            },
            "details": {
              "additionalProperties": false,
              "properties": {
                "bio": {
                  "type": "string"
                },
                "blog": {
                  "type": "string"
                },
                "company": {
                  "type": "string"
                },
                "created_at": {
                  "description": "Account creation time in RFC3339 format.",
                  "type": "string"
                },
                "email": {
                  "type": "string"
                },
                "followers": {
                  "type": "integer"
                },
                "following": {
                  "type": "integer"
                },
                "hireable": {
                  "type": "boolean"
                },
                "location": {
                  "type": "string"
                },
                "name": {
                  "type": "string"
                },
                "owned_private_repos": {
                  "type": "integer"
                },
                "private_gists": {
                  "type": "integer"
                },
                "public_gists": {
                  "type": "integer"
                },
                "public_repos": {
                  "type": "integer"
                },
                "total_private_repos": {
                  "type": "integer"
                },
                "twitter_username": {
                  "type": "string"
                },
                "updated_at": {
                  "description": "Last profile update time in RFC3339 format.",
                  "type": "string"
                }
              },
              "required": [
                "public_repos",
                "public_gists",
                "followers",
                "following",
                "created_at",
                "updated_at"
              ],
              "type": [
                "null",
                "object"
              ]
            },
            "id": {
              "type": "integer"
            },
            "login": {
              "type": "string"
            },
            "profile_url": {
              "type": "string"
            }
          },
          "required": [
            "login"
          ],
          "type": [
            "null",
            "object"
          ]
        },
        "html_url": {
          "type": [
            "null",
            "string"
          ]
        },
        "sha": {
          "type": [
            "null",
            "string"
          ]
        }
      },
      "type": "object"
    },
    "type": [
      "null",
      "array"
    ]
  }
}