{
  "annotations": {
    "idempotentHint": false,
    "readOnlyHint": true,
    "title": "List secret scanning alerts"
  },
  "description": "List secret scanning alerts in a GitHub repository.",
  "inputSchema": {
    "properties": {
      "owner": {
        "description": "The owner of the repository.",
        "type": "string"
      },
      "page": {
        "description": "Page number for pagination (min 1)",
        "minimum": 1,
        "type": "number"
      },
      "perPage": {
        "description": "Results per page for pagination (min 1, max 100)",
        "maximum": 100,
        "minimum": 1,
        "type": "number"
      },
      "repo": {
        "description": "The name of the repository.",
        "type": "string"
      },
      "resolution": {
        "description": "Filter by resolution",
        "enum": [
          "false_positive",
          "wont_fix",
          "revoked",
          "pattern_edited",
          "pattern_deleted",
          "used_in_tests"
        ],
        "type": "string"
      },
      "secret_type": {
        "description": "A comma-separated list of secret types to return. All default secret patterns are returned. To return generic patterns, pass the token name(s) in the parameter.",
        "type": "string"
      },
      "state": {
        "description": "Filter by state",
        "enum": [
          "open",
          "resolved"
        ],
        "type": "string"
      }
    },
    "required": [
      "owner",
      "repo"
    ],
    "type": "object"
  },
  "name": "list_secret_scanning_alerts",
  "outputSchema": {
    "items": {
      "additionalProperties": false,
      "properties": {
        "first_location_detected": {
          "additionalProperties": false,
          "properties": {
            "commit_sha": {
              "type": [
                "null",
                "string"
              ]
            },
            "end_column": {
              "type": [
                "null",
                "integer"
              ]
            },
            "end_line": {
              "type": [
                "null",
                "integer"
              ]
            },
            "path": {
              "type": [
                "null",
                "string"
              ]
            },
            "start_column": {
              "type": [
                "null",
                "integer"
              ]
            },
            "start_line": {
              "type": [
                "null",
                "integer"
              ]
            }
          },
          "type": [
            "null",
            "object"
          ]
        },
        "has_more_locations": {
          "description": "Whether additional secret locations exist beyond the first location.",
          "type": [
            "null",
            "boolean"
          ]
        },
        "html_url": {
          "type": [
            "null",
            "string"
          ]
        },
        "is_base64_encoded": {
          "description": "Whether the detected secret is base64 encoded.",
          "type": [
            "null",
            "boolean"
          ]
        },
        "number": {
          "type": [
            "null",
            "integer"
          ]
        },
        "push_protection_bypassed": {
          "description": "Whether push protection was bypassed for this secret.",
          "type": [
            "null",
            "boolean"
          ]
        },
        "resolution": {
          "type": [
            "null",
            "string"
          ]
        },
        "resolution_comment": {
          "type": [
            "null",
            "string"
          ]
        },
        "secret": {
          "type": [
            "null",
            "string"
          ]
        },
        "secret_type": {
          "type": [
            "null",
            "string"
          ]
        },
        "secret_type_display_name": {
          "type": [
            "null",
            "string"
          ]
        },
        "state": {
          "type": [
            "null",
            "string"
          ]
        },
        "validity": {
          "description": "Credential validity reported by GitHub: active, inactive, or unknown.",
          "type": [
            "null",
            "string"
          ]
        }
      },
      "type": [
        "null",
        "object"
      ]
    },
    "type": [
      "null",
      "array"
    ]
  }
}