{
  "annotations": {
    "idempotentHint": false,
    "readOnlyHint": true,
    "title": "List repository collaborators"
  },
  "description": "List collaborators of a GitHub repository. Results are paginated; the response includes `nextPage`, `prevPage`, `firstPage`, and `lastPage` fields. To get the next page, use the `nextPage` value as the `page` parameter.",
  "icons": [
    {
      "mimeType": "image/png",
      "src": "data:image/png;base64,iVBORw0KGgoAAAANSUhEUgAAABgAAAAYCAYAAADgdz34AAAABmJLR0QA/wD/AP+gvaeTAAABTklEQVRIie2UPUvDUBSGn5PW2qnYwUXExWhNpY2CUKT+BB10E3R0dnbrppuKLgouHbr5X5qlKRIFB+cuguBHj4O05KYfNsVJ+m7n3Hue54ZcrhDKQqGQTX1YVwg7QIbx0gh8b7VTJMMrqS+5RtgD7oDX2GhhC6UcbhkCVLZVuX1sesex4YCdX6uAGgIrsicjlrTGgQ9KVPDnmQgmgongPwgkXNiOq8ADMAtkx4UGvtflJvus20ANeIlN/vW5/kkt8L3D2HD6P9dRgSI8dQcc9w1IR3acBE3vbFSp8ZMVnoFSqJ/unZDe3pAYXyDIJarn9opbDZrewaAh2y7Oy5S1r6h5QG2Xxbw3piDw6xe244oKyxFmC5ihc+tS1qaqngKJyAEBGmZvSGzHVYT790T7aPozsaFoFZGboFGvDJsbOYuOuxuuc7n1uaV8sRSH8Q1DUVLnYLty3gAAAABJRU5ErkJggg==",
      "theme": "light"
    },
    {
      "mimeType": "image/png",
      "src": "data:image/png;base64,iVBORw0KGgoAAAANSUhEUgAAABgAAAAYCAYAAADgdz34AAAABmJLR0QA/wD/AP+gvaeTAAAA+ElEQVRIie2WLU5DQRRGzwUEirQCQ9BsoSGtZQHgSFgIsg4JXQCGP8V2QCBIEATZkJDgOJi+MJnMo30TFHmfmzvzfeeKyZ2BROpQvVHfrddDmhkZ4BY4Ai6BD7prAowjIoq7i85nFcGNf6qa1tayM1vAvBZQUg74c/WAHtAD/gMgn6YCT8A2MKwOTaZpCfAF3AGvFdlLx7XqdUVw4186rgWeE8Nn4cU67QLNAS/ASG3qmwVPqdaqjWw9A86BK+CkzaTuAseFBse/AiLiQg1gLzs3Bwb8XIp94AxYL/Af2xordap6v/htHKhv6nTlgBUAh9l6Rx11yfgG8ne/zwh2OysAAAAASUVORK5CYII=",
      "theme": "dark"
    }
  ],
  "inputSchema": {
    "properties": {
      "affiliation": {
        "description": "Filter by affiliation. Can be one of: 'outside' (outside collaborators), 'direct' (all with permissions regardless of org membership), 'all' (all collaborators). Default: 'all'",
        "enum": [
          "outside",
          "direct",
          "all"
        ],
        "type": "string"
      },
      "owner": {
        "description": "Repository owner",
        "type": "string",
        "x-mcp-header": "owner"
      },
      "page": {
        "description": "Page number for pagination (default 1, min 1)",
        "minimum": 1,
        "type": "number"
      },
      "perPage": {
        "description": "Results per page for pagination (default 30, min 1, max 100)",
        "maximum": 100,
        "minimum": 1,
        "type": "number"
      },
      "repo": {
        "description": "Repository name",
        "type": "string",
        "x-mcp-header": "repo"
      }
    },
    "required": [
      "owner",
      "repo"
    ],
    "type": "object"
  },
  "name": "list_repository_collaborators",
  "outputSchema": {
    "additionalProperties": false,
    "properties": {
      "firstPage": {
        "type": "integer"
      },
      "items": {
        "items": {
          "additionalProperties": false,
          "properties": {
            "id": {
              "type": "integer"
            },
            "login": {
              "type": "string"
            },
            "role_name": {
              "type": "string"
            }
          },
          "required": [
            "login",
            "id",
            "role_name"
          ],
          "type": "object"
        },
        "type": [
          "null",
          "array"
        ]
      },
      "lastPage": {
        "type": "integer"
      },
      "nextPage": {
        "type": "integer"
      },
      "prevPage": {
        "type": "integer"
      }
    },
    "required": [
      "firstPage",
      "items",
      "lastPage",
      "nextPage",
      "prevPage"
    ],
    "type": [
      "null",
      "object"
    ]
  }
}