{
  "annotations": {
    "idempotentHint": false,
    "readOnlyHint": true,
    "title": "List GitHub Projects resources"
  },
  "description": "Tools for listing GitHub Projects resources.\nUse this tool to list projects for a user or organization, or list project fields, items, views, and status updates for a specific project.\n",
  "inputSchema": {
    "properties": {
      "after": {
        "description": "Forward pagination cursor from previous pageInfo.nextCursor.",
        "type": "string"
      },
      "before": {
        "description": "Backward pagination cursor from previous pageInfo.prevCursor (rare).",
        "type": "string"
      },
      "field_names": {
        "description": "Field names to include when listing project items (e.g. [\"Status\", \"Priority\"]). Resolved server-side to field IDs — pass this instead of 'fields' when you only know the human-readable names. Names that fail to resolve return a structured error. Mutually exclusive with 'fields' — provide one, not both. Only used for 'list_project_items' method.",
        "items": {
          "type": "string"
        },
        "type": "array"
      },
      "fields": {
        "description": "Field IDs to include when listing project items (e.g. [\"102589\", \"985201\"]). CRITICAL: Always provide to get field values. Without this (and without 'field_names'), only titles returned. Mutually exclusive with 'field_names' — provide one, not both. Only used for 'list_project_items' method.",
        "items": {
          "type": "string"
        },
        "type": "array"
      },
      "method": {
        "description": "The action to perform",
        "enum": [
          "list_projects",
          "list_project_fields",
          "list_project_items",
          "list_project_status_updates",
          "list_project_views"
        ],
        "type": "string"
      },
      "owner": {
        "description": "The owner (user or organization login). The name is not case sensitive.",
        "type": "string"
      },
      "owner_type": {
        "description": "Owner type (user or org). If not provided, will automatically try both.",
        "enum": [
          "user",
          "org"
        ],
        "type": "string"
      },
      "perPage": {
        "description": "Results per page (max 50)",
        "type": "number"
      },
      "project_number": {
        "description": "The project's number. Required for 'list_project_fields', 'list_project_items', 'list_project_views', and 'list_project_status_updates' methods.",
        "type": "number"
      },
      "query": {
        "description": "Filter/query string. For list_projects: filter by title text and state (e.g. \"roadmap is:open\"). For list_project_items: advanced filtering using GitHub's project filtering syntax.",
        "type": "string"
      }
    },
    "required": [
      "method",
      "owner"
    ],
    "type": "object"
  },
  "name": "projects_list",
  "outputSchema": {
    "additionalProperties": false,
    "properties": {
      "fields": {
        "additionalProperties": false,
        "properties": {
          "fields": {
            "items": {
              "additionalProperties": false,
              "properties": {
                "configuration": {
                  "additionalProperties": false,
                  "properties": {
                    "duration": {
                      "description": "Iteration duration in days.",
                      "type": "integer"
                    },
                    "iterations": {
                      "items": {
                        "additionalProperties": false,
                        "properties": {
                          "duration": {
                            "description": "Iteration duration in days.",
                            "type": "integer"
                          },
                          "id": {
                            "type": "string"
                          },
                          "start_date": {
                            "description": "Date in YYYY-MM-DD format.",
                            "type": "string"
                          },
                          "title": {
                            "additionalProperties": false,
                            "properties": {
                              "html": {
                                "type": "string"
                              },
                              "raw": {
                                "type": "string"
                              }
                            },
                            "type": "object"
                          }
                        },
                        "type": "object"
                      },
                      "type": "array"
                    },
                    "start_day": {
                      "type": "integer"
                    }
                  },
                  "type": "object"
                },
                "created_at": {
                  "description": "RFC3339 timestamp.",
                  "format": "date-time",
                  "type": "string"
                },
                "data_type": {
                  "type": "string"
                },
                "id": {
                  "type": "integer"
                },
                "name": {
                  "type": "string"
                },
                "node_id": {
                  "type": "string"
                },
                "options": {
                  "items": {
                    "additionalProperties": false,
                    "properties": {
                      "color": {
                        "type": "string"
                      },
                      "description": {
                        "additionalProperties": false,
                        "properties": {
                          "html": {
                            "type": "string"
                          },
                          "raw": {
                            "type": "string"
                          }
                        },
                        "type": "object"
                      },
                      "id": {
                        "type": "string"
                      },
                      "name": {
                        "additionalProperties": false,
                        "properties": {
                          "html": {
                            "type": "string"
                          },
                          "raw": {
                            "type": "string"
                          }
                        },
                        "type": "object"
                      }
                    },
                    "type": "object"
                  },
                  "type": "array"
                },
                "updated_at": {
                  "description": "RFC3339 timestamp.",
                  "format": "date-time",
                  "type": "string"
                }
              },
              "type": "object"
            },
            "type": [
              "null",
              "array"
            ]
          },
          "pageInfo": {
            "additionalProperties": false,
            "properties": {
              "hasNextPage": {
                "type": "boolean"
              },
              "hasPreviousPage": {
                "type": "boolean"
              },
              "nextCursor": {
                "type": "string"
              },
              "prevCursor": {
                "type": "string"
              }
            },
            "required": [
              "hasNextPage",
              "hasPreviousPage"
            ],
            "type": "object"
          }
        },
        "required": [
          "fields",
          "pageInfo"
        ],
        "type": "object"
      },
      "items": {
        "additionalProperties": false,
        "properties": {
          "items": {
            "items": {
              "additionalProperties": false,
              "properties": {
                "archived_at": {
                  "description": "RFC3339 timestamp.",
                  "type": "string"
                },
                "content": {
                  "additionalProperties": false,
                  "properties": {
                    "assignees": {
                      "items": {
                        "type": "string"
                      },
                      "type": "array"
                    },
                    "author": {
                      "type": "string"
                    },
                    "closed_at": {
                      "description": "RFC3339 timestamp.",
                      "type": "string"
                    },
                    "comments": {
                      "type": "integer"
                    },
                    "created_at": {
                      "description": "RFC3339 timestamp.",
                      "type": "string"
                    },
                    "draft": {
                      "type": "boolean"
                    },
                    "html_url": {
                      "type": "string"
                    },
                    "id": {
                      "type": "integer"
                    },
                    "labels": {
                      "items": {
                        "type": "string"
                      },
                      "type": "array"
                    },
                    "merged": {
                      "type": "boolean"
                    },
                    "merged_at": {
                      "type": "string"
                    },
                    "milestone": {
                      "type": "string"
                    },
                    "node_id": {
                      "type": "string"
                    },
                    "number": {
                      "type": "integer"
                    },
                    "repository": {
                      "type": "string"
                    },
                    "state": {
                      "type": "string"
                    },
                    "state_reason": {
                      "type": "string"
                    },
                    "title": {
                      "type": "string"
                    },
                    "updated_at": {
                      "description": "RFC3339 timestamp.",
                      "type": "string"
                    }
                  },
                  "type": "object"
                },
                "content_type": {
                  "type": "string"
                },
                "created_at": {
                  "description": "RFC3339 timestamp.",
                  "type": "string"
                },
                "creator": {
                  "type": "string"
                },
                "fields": {
                  "items": {
                    "additionalProperties": false,
                    "properties": {
                      "data_type": {
                        "type": "string"
                      },
                      "id": {
                        "type": "integer"
                      },
                      "name": {
                        "type": "string"
                      },
                      "value": {
                        "description": "Recursively compacted JSON field value; unknown field types retain arbitrary object keys."
                      }
                    },
                    "type": "object"
                  },
                  "type": "array"
                },
                "id": {
                  "type": "integer"
                },
                "node_id": {
                  "type": "string"
                },
                "updated_at": {
                  "description": "RFC3339 timestamp.",
                  "type": "string"
                }
              },
              "required": [
                "id"
              ],
              "type": "object"
            },
            "type": [
              "null",
              "array"
            ]
          },
          "pageInfo": {
            "additionalProperties": false,
            "properties": {
              "hasNextPage": {
                "type": "boolean"
              },
              "hasPreviousPage": {
                "type": "boolean"
              },
              "nextCursor": {
                "type": "string"
              },
              "prevCursor": {
                "type": "string"
              }
            },
            "required": [
              "hasNextPage",
              "hasPreviousPage"
            ],
            "type": "object"
          }
        },
        "required": [
          "items",
          "pageInfo"
        ],
        "type": "object"
      },
      "method": {
        "enum": [
          "list_projects",
          "list_project_fields",
          "list_project_items",
          "list_project_status_updates",
          "list_project_views"
        ],
        "type": "string"
      },
      "projects": {
        "additionalProperties": false,
        "properties": {
          "note": {
            "type": "string"
          },
          "pageInfo": {
            "additionalProperties": false,
            "properties": {
              "hasNextPage": {
                "type": "boolean"
              },
              "hasPreviousPage": {
                "type": "boolean"
              },
              "nextCursor": {
                "type": "string"
              },
              "prevCursor": {
                "type": "string"
              }
            },
            "required": [
              "hasNextPage",
              "hasPreviousPage"
            ],
            "type": "object"
          },
          "projects": {
            "items": {
              "additionalProperties": false,
              "properties": {
                "closed_at": {
                  "description": "RFC3339 timestamp.",
                  "format": "date-time",
                  "type": "string"
                },
                "created_at": {
                  "description": "RFC3339 timestamp.",
                  "format": "date-time",
                  "type": "string"
                },
                "creator": {
                  "additionalProperties": false,
                  "properties": {
                    "avatar_url": {
                      "type": "string"
                    },
                    "id": {
                      "type": "integer"
                    },
                    "login": {
                      "type": "string"
                    },
                    "profile_url": {
                      "type": "string"
                    }
                  },
                  "required": [
                    "login"
                  ],
                  "type": "object"
                },
                "deleted_at": {
                  "description": "RFC3339 timestamp.",
                  "format": "date-time",
                  "type": "string"
                },
                "deleted_by": {
                  "additionalProperties": false,
                  "properties": {
                    "avatar_url": {
                      "type": "string"
                    },
                    "id": {
                      "type": "integer"
                    },
                    "login": {
                      "type": "string"
                    },
                    "profile_url": {
                      "type": "string"
                    }
                  },
                  "required": [
                    "login"
                  ],
                  "type": "object"
                },
                "description": {
                  "type": "string"
                },
                "id": {
                  "type": "integer"
                },
                "node_id": {
                  "type": "string"
                },
                "number": {
                  "type": "integer"
                },
                "owner": {
                  "additionalProperties": false,
                  "properties": {
                    "avatar_url": {
                      "type": "string"
                    },
                    "id": {
                      "type": "integer"
                    },
                    "login": {
                      "type": "string"
                    },
                    "profile_url": {
                      "type": "string"
                    }
                  },
                  "required": [
                    "login"
                  ],
                  "type": "object"
                },
                "owner_type": {
                  "type": "string"
                },
                "public": {
                  "type": "boolean"
                },
                "short_description": {
                  "type": "string"
                },
                "title": {
                  "type": "string"
                },
                "updated_at": {
                  "description": "RFC3339 timestamp.",
                  "format": "date-time",
                  "type": "string"
                }
              },
              "type": "object"
            },
            "type": [
              "null",
              "array"
            ]
          }
        },
        "required": [
          "projects"
        ],
        "type": "object"
      },
      "status_updates": {
        "additionalProperties": false,
        "properties": {
          "pageInfo": {
            "additionalProperties": false,
            "properties": {
              "hasNextPage": {
                "type": "boolean"
              },
              "hasPreviousPage": {
                "type": "boolean"
              },
              "nextCursor": {
                "type": "string"
              },
              "prevCursor": {
                "type": "string"
              }
            },
            "required": [
              "hasNextPage",
              "hasPreviousPage",
              "nextCursor",
              "prevCursor"
            ],
            "type": "object"
          },
          "statusUpdates": {
            "items": {
              "additionalProperties": false,
              "properties": {
                "body": {
                  "type": "string"
                },
                "created_at": {
                  "description": "RFC3339 timestamp.",
                  "type": "string"
                },
                "creator": {
                  "additionalProperties": false,
                  "properties": {
                    "avatar_url": {
                      "type": "string"
                    },
                    "id": {
                      "type": "integer"
                    },
                    "login": {
                      "type": "string"
                    },
                    "profile_url": {
                      "type": "string"
                    }
                  },
                  "required": [
                    "login"
                  ],
                  "type": "object"
                },
                "id": {
                  "type": "string"
                },
                "start_date": {
                  "description": "Date in YYYY-MM-DD format.",
                  "type": "string"
                },
                "status": {
                  "enum": [
                    "INACTIVE",
                    "ON_TRACK",
                    "AT_RISK",
                    "OFF_TRACK",
                    "COMPLETE"
                  ],
                  "type": "string"
                },
                "target_date": {
                  "description": "Date in YYYY-MM-DD format.",
                  "type": "string"
                }
              },
              "required": [
                "id"
              ],
              "type": "object"
            },
            "type": [
              "null",
              "array"
            ]
          }
        },
        "required": [
          "statusUpdates",
          "pageInfo"
        ],
        "type": "object"
      },
      "views": {
        "additionalProperties": false,
        "properties": {
          "pageInfo": {
            "additionalProperties": false,
            "properties": {
              "hasNextPage": {
                "type": "boolean"
              },
              "hasPreviousPage": {
                "type": "boolean"
              },
              "nextCursor": {
                "type": "string"
              },
              "prevCursor": {
                "type": "string"
              }
            },
            "required": [
              "hasNextPage",
              "hasPreviousPage",
              "nextCursor",
              "prevCursor"
            ],
            "type": "object"
          },
          "views": {
            "items": {
              "additionalProperties": false,
              "properties": {
                "filter": {
                  "type": "string"
                },
                "id": {
                  "type": "string"
                },
                "layout": {
                  "enum": [
                    "board",
                    "table",
                    "roadmap"
                  ],
                  "type": "string"
                },
                "name": {
                  "type": "string"
                },
                "number": {
                  "type": "integer"
                },
                "visible_fields": {
                  "items": {
                    "type": "integer"
                  },
                  "type": "array"
                }
              },
              "required": [
                "id",
                "number",
                "name",
                "layout",
                "filter",
                "visible_fields"
              ],
              "type": "object"
            },
            "type": [
              "null",
              "array"
            ]
          }
        },
        "required": [
          "views",
          "pageInfo"
        ],
        "type": "object"
      }
    },
    "required": [
      "method"
    ],
    "type": "object"
  }
}