{
  "annotations": {
    "idempotentHint": false,
    "readOnlyHint": false,
    "title": "Create or update file"
  },
  "description": "Create or update a single file in a GitHub repository. \nIf updating, you should provide the SHA of the file you want to update. Use this tool to create or update a file in a GitHub repository remotely; do not use it for local file operations.\n\nTo obtain the current blob SHA before updating, call the get_file_contents tool with the same owner, repo, and path, and set its ref parameter to this tool's branch value. The first text result reports the blob SHA for the requested path.\n\nSHA MUST be provided for existing file updates.\n",
  "icons": [
    {
      "mimeType": "image/png",
      "src": "data:image/png;base64,iVBORw0KGgoAAAANSUhEUgAAABgAAAAYCAYAAADgdz34AAAABmJLR0QA/wD/AP+gvaeTAAABTklEQVRIie2UPUvDUBSGn5PW2qnYwUXExWhNpY2CUKT+BB10E3R0dnbrppuKLgouHbr5X5qlKRIFB+cuguBHj4O05KYfNsVJ+m7n3Hue54ZcrhDKQqGQTX1YVwg7QIbx0gh8b7VTJMMrqS+5RtgD7oDX2GhhC6UcbhkCVLZVuX1sesex4YCdX6uAGgIrsicjlrTGgQ9KVPDnmQgmgongPwgkXNiOq8ADMAtkx4UGvtflJvus20ANeIlN/vW5/kkt8L3D2HD6P9dRgSI8dQcc9w1IR3acBE3vbFSp8ZMVnoFSqJ/unZDe3pAYXyDIJarn9opbDZrewaAh2y7Oy5S1r6h5QG2Xxbw3piDw6xe244oKyxFmC5ihc+tS1qaqngKJyAEBGmZvSGzHVYT790T7aPozsaFoFZGboFGvDJsbOYuOuxuuc7n1uaV8sRSH8Q1DUVLnYLty3gAAAABJRU5ErkJggg==",
      "theme": "light"
    },
    {
      "mimeType": "image/png",
      "src": "data:image/png;base64,iVBORw0KGgoAAAANSUhEUgAAABgAAAAYCAYAAADgdz34AAAABmJLR0QA/wD/AP+gvaeTAAAA+ElEQVRIie2WLU5DQRRGzwUEirQCQ9BsoSGtZQHgSFgIsg4JXQCGP8V2QCBIEATZkJDgOJi+MJnMo30TFHmfmzvzfeeKyZ2BROpQvVHfrddDmhkZ4BY4Ai6BD7prAowjIoq7i85nFcGNf6qa1tayM1vAvBZQUg74c/WAHtAD/gMgn6YCT8A2MKwOTaZpCfAF3AGvFdlLx7XqdUVw4186rgWeE8Nn4cU67QLNAS/ASG3qmwVPqdaqjWw9A86BK+CkzaTuAseFBse/AiLiQg1gLzs3Bwb8XIp94AxYL/Af2xordap6v/htHKhv6nTlgBUAh9l6Rx11yfgG8ne/zwh2OysAAAAASUVORK5CYII=",
      "theme": "dark"
    }
  ],
  "inputSchema": {
    "properties": {
      "allow_symlink_write": {
        "default": false,
        "description": "Set true to update a symbolic link itself; content must be its new target path.",
        "type": "boolean"
      },
      "branch": {
        "description": "Branch to create/update the file in",
        "type": "string"
      },
      "content": {
        "description": "Content of the file, exactly as it should appear once written. Do not base64-encode it; this server does that before calling the REST API.",
        "type": "string"
      },
      "message": {
        "description": "Commit message",
        "type": "string"
      },
      "owner": {
        "description": "Repository owner (username or organization)",
        "type": "string",
        "x-mcp-header": "owner"
      },
      "path": {
        "description": "Path where to create/update the file",
        "type": "string"
      },
      "repo": {
        "description": "Repository name",
        "type": "string",
        "x-mcp-header": "repo"
      },
      "sha": {
        "description": "The blob SHA of the file being replaced. Required if the file already exists. Retrieve it with get_file_contents using the same owner, repo, and path, with ref set to this tool's branch value.",
        "type": "string"
      }
    },
    "required": [
      "owner",
      "repo",
      "path",
      "content",
      "message",
      "branch"
    ],
    "type": "object"
  },
  "name": "create_or_update_file",
  "outputSchema": {
    "additionalProperties": false,
    "properties": {
      "commit": {
        "additionalProperties": false,
        "properties": {
          "author": {
            "additionalProperties": false,
            "properties": {
              "date": {
                "type": "string"
              },
              "email": {
                "type": "string"
              },
              "name": {
                "type": "string"
              }
            },
            "type": [
              "null",
              "object"
            ]
          },
          "html_url": {
            "type": "string"
          },
          "message": {
            "type": "string"
          },
          "sha": {
            "type": "string"
          }
        },
        "required": [
          "sha"
        ],
        "type": [
          "null",
          "object"
        ]
      },
      "content": {
        "additionalProperties": false,
        "properties": {
          "html_url": {
            "type": "string"
          },
          "name": {
            "type": "string"
          },
          "path": {
            "type": "string"
          },
          "sha": {
            "type": "string"
          },
          "size": {
            "type": "integer"
          }
        },
        "required": [
          "name",
          "path",
          "sha",
          "html_url"
        ],
        "type": [
          "null",
          "object"
        ]
      }
    },
    "type": [
      "null",
      "object"
    ]
  }
}