{
  "_meta": {
    "ui": {
      "resourceUri": "ui://github-mcp-server/get-me",
      "visibility": [
        "model",
        "app"
      ]
    }
  },
  "annotations": {
    "idempotentHint": false,
    "readOnlyHint": true,
    "title": "Get my user profile"
  },
  "description": "Get details of the authenticated GitHub user. Use this when a request is about the user's own profile for GitHub. Or when information is missing to build other tool calls.",
  "inputSchema": {
    "properties": {},
    "type": "object"
  },
  "name": "get_me",
  "outputSchema": {
    "additionalProperties": false,
    "properties": {
      "avatar_url": {
        "type": "string"
      },
      "details": {
        "additionalProperties": false,
        "properties": {
          "bio": {
            "type": "string"
          },
          "blog": {
            "type": "string"
          },
          "company": {
            "type": "string"
          },
          "created_at": {
            "description": "Account creation time in RFC3339 format.",
            "type": "string"
          },
          "email": {
            "type": "string"
          },
          "followers": {
            "type": "integer"
          },
          "following": {
            "type": "integer"
          },
          "hireable": {
            "type": "boolean"
          },
          "location": {
            "type": "string"
          },
          "name": {
            "type": "string"
          },
          "owned_private_repos": {
            "type": "integer"
          },
          "private_gists": {
            "type": "integer"
          },
          "public_gists": {
            "type": "integer"
          },
          "public_repos": {
            "type": "integer"
          },
          "total_private_repos": {
            "type": "integer"
          },
          "twitter_username": {
            "type": "string"
          },
          "updated_at": {
            "description": "Last profile update time in RFC3339 format.",
            "type": "string"
          }
        },
        "required": [
          "public_repos",
          "public_gists",
          "followers",
          "following",
          "created_at",
          "updated_at"
        ],
        "type": [
          "null",
          "object"
        ]
      },
      "id": {
        "type": "integer"
      },
      "login": {
        "type": "string"
      },
      "profile_url": {
        "type": "string"
      }
    },
    "required": [
      "login"
    ],
    "type": "object"
  }
}