{
  "inputSchema": null,
  "name": "list_tags",
  "outputSchema": {
    "items": {
      "additionalProperties": false,
      "properties": {
        "name": {
          "type": "string"
        },
        "sha": {
          "type": "string"
        }
      },
      "required": [
        "name",
        "sha"
      ],
      "type": "object"
    },
    "type": [
      "null",
      "array"
    ]
  }
}