{
  "annotations": {
    "destructiveHint": true,
    "idempotentHint": false,
    "readOnlyHint": false,
    "title": "Manage notification subscription"
  },
  "description": "Manage a notification subscription: ignore, watch, or delete a notification thread subscription.",
  "inputSchema": {
    "properties": {
      "action": {
        "description": "Action to perform: ignore, watch, or delete the notification subscription.",
        "enum": [
          "ignore",
          "watch",
          "delete"
        ],
        "type": "string"
      },
      "notificationID": {
        "description": "The ID of the notification thread.",
        "type": "string"
      }
    },
    "required": [
      "notificationID",
      "action"
    ],
    "type": "object"
  },
  "name": "manage_notification_subscription",
  "outputSchema": {
    "oneOf": [
      {
        "additionalProperties": false,
        "properties": {
          "subscription": {
            "additionalProperties": false,
            "properties": {
              "created_at": {
                "description": "Subscription creation time (RFC3339).",
                "type": [
                  "null",
                  "string"
                ]
              },
              "ignored": {
                "type": [
                  "null",
                  "boolean"
                ]
              },
              "reason": {
                "type": [
                  "null",
                  "string"
                ]
              },
              "subscribed": {
                "type": [
                  "null",
                  "boolean"
                ]
              }
            },
            "type": "object"
          }
        },
        "required": [
          "subscription"
        ],
        "type": "object"
      },
      {
        "additionalProperties": false,
        "properties": {
          "message": {
            "type": "string"
          }
        },
        "required": [
          "message"
        ],
        "type": "object"
      }
    ],
    "type": "object"
  }
}