{
  "annotations": {
    "idempotentHint": false,
    "readOnlyHint": true,
    "title": "Get details of GitHub Projects resources"
  },
  "description": "Get details about specific GitHub Projects resources.\nUse this tool to get details about individual projects, project fields, project items, and project views by their unique IDs.\n",
  "inputSchema": {
    "properties": {
      "field_id": {
        "description": "The field's ID. Required for 'get_project_field' method.",
        "type": "number"
      },
      "field_names": {
        "description": "Specific list of field names to include in the response when getting a project item (e.g. [\"Status\", \"Priority\"]). Resolved server-side to field IDs — pass this instead of 'fields' when you only know the human-readable names. Mutually exclusive with 'fields' — provide one, not both. Only used for 'get_project_item' method.",
        "items": {
          "type": "string"
        },
        "type": "array"
      },
      "fields": {
        "description": "Specific list of field IDs to include in the response when getting a project item (e.g. [\"102589\", \"985201\", \"169875\"]). If neither 'fields' nor 'field_names' is provided, only the title field is included. Mutually exclusive with 'field_names' — provide one, not both. Only used for 'get_project_item' method.",
        "items": {
          "type": "string"
        },
        "type": "array"
      },
      "item_id": {
        "description": "The item's ID. Required for 'get_project_item' method.",
        "type": "number"
      },
      "method": {
        "description": "The method to execute",
        "enum": [
          "get_project",
          "get_project_field",
          "get_project_item",
          "get_project_status_update",
          "get_project_view"
        ],
        "type": "string"
      },
      "owner": {
        "description": "The owner (user or organization login). The name is not case sensitive.",
        "type": "string"
      },
      "owner_type": {
        "description": "Owner type (user or org). If not provided, will be automatically detected.",
        "enum": [
          "user",
          "org"
        ],
        "type": "string"
      },
      "project_number": {
        "description": "The project's number.",
        "type": "number"
      },
      "status_update_id": {
        "description": "The node ID of the project status update. Required for 'get_project_status_update' method.",
        "type": "string"
      },
      "view_id": {
        "description": "The node ID of the project view. Required for 'get_project_view' method.",
        "type": "string"
      }
    },
    "required": [
      "method"
    ],
    "type": "object"
  },
  "name": "projects_get",
  "outputSchema": {
    "additionalProperties": false,
    "properties": {
      "field": {
        "additionalProperties": false,
        "properties": {
          "configuration": {
            "additionalProperties": false,
            "properties": {
              "duration": {
                "description": "Iteration duration in days.",
                "type": "integer"
              },
              "iterations": {
                "items": {
                  "additionalProperties": false,
                  "properties": {
                    "duration": {
                      "description": "Iteration duration in days.",
                      "type": "integer"
                    },
                    "id": {
                      "type": "string"
                    },
                    "start_date": {
                      "description": "Date in YYYY-MM-DD format.",
                      "type": "string"
                    },
                    "title": {
                      "additionalProperties": false,
                      "properties": {
                        "html": {
                          "type": "string"
                        },
                        "raw": {
                          "type": "string"
                        }
                      },
                      "type": "object"
                    }
                  },
                  "type": "object"
                },
                "type": "array"
              },
              "start_day": {
                "type": "integer"
              }
            },
            "type": "object"
          },
          "created_at": {
            "description": "RFC3339 timestamp.",
            "format": "date-time",
            "type": "string"
          },
          "data_type": {
            "type": "string"
          },
          "id": {
            "type": "integer"
          },
          "name": {
            "type": "string"
          },
          "node_id": {
            "type": "string"
          },
          "options": {
            "items": {
              "additionalProperties": false,
              "properties": {
                "color": {
                  "type": "string"
                },
                "description": {
                  "additionalProperties": false,
                  "properties": {
                    "html": {
                      "type": "string"
                    },
                    "raw": {
                      "type": "string"
                    }
                  },
                  "type": "object"
                },
                "id": {
                  "type": "string"
                },
                "name": {
                  "additionalProperties": false,
                  "properties": {
                    "html": {
                      "type": "string"
                    },
                    "raw": {
                      "type": "string"
                    }
                  },
                  "type": "object"
                }
              },
              "type": "object"
            },
            "type": "array"
          },
          "updated_at": {
            "description": "RFC3339 timestamp.",
            "format": "date-time",
            "type": "string"
          }
        },
        "type": "object"
      },
      "item": {
        "additionalProperties": false,
        "properties": {
          "archived_at": {
            "description": "RFC3339 timestamp.",
            "type": "string"
          },
          "content": {
            "additionalProperties": false,
            "properties": {
              "assignees": {
                "items": {
                  "type": "string"
                },
                "type": "array"
              },
              "author": {
                "type": "string"
              },
              "closed_at": {
                "description": "RFC3339 timestamp.",
                "type": "string"
              },
              "comments": {
                "type": "integer"
              },
              "created_at": {
                "description": "RFC3339 timestamp.",
                "type": "string"
              },
              "draft": {
                "type": "boolean"
              },
              "html_url": {
                "type": "string"
              },
              "id": {
                "type": "integer"
              },
              "labels": {
                "items": {
                  "type": "string"
                },
                "type": "array"
              },
              "merged": {
                "type": "boolean"
              },
              "merged_at": {
                "type": "string"
              },
              "milestone": {
                "type": "string"
              },
              "node_id": {
                "type": "string"
              },
              "number": {
                "type": "integer"
              },
              "repository": {
                "type": "string"
              },
              "state": {
                "type": "string"
              },
              "state_reason": {
                "type": "string"
              },
              "title": {
                "type": "string"
              },
              "updated_at": {
                "description": "RFC3339 timestamp.",
                "type": "string"
              }
            },
            "type": "object"
          },
          "content_type": {
            "type": "string"
          },
          "created_at": {
            "description": "RFC3339 timestamp.",
            "type": "string"
          },
          "creator": {
            "type": "string"
          },
          "fields": {
            "items": {
              "additionalProperties": false,
              "properties": {
                "data_type": {
                  "type": "string"
                },
                "id": {
                  "type": "integer"
                },
                "name": {
                  "type": "string"
                },
                "value": {
                  "description": "Recursively compacted JSON field value; unknown field types retain arbitrary object keys."
                }
              },
              "type": "object"
            },
            "type": "array"
          },
          "id": {
            "type": "integer"
          },
          "node_id": {
            "type": "string"
          },
          "updated_at": {
            "description": "RFC3339 timestamp.",
            "type": "string"
          }
        },
        "required": [
          "id"
        ],
        "type": "object"
      },
      "method": {
        "enum": [
          "get_project",
          "get_project_field",
          "get_project_item",
          "get_project_status_update",
          "get_project_view"
        ],
        "type": "string"
      },
      "project": {
        "additionalProperties": false,
        "properties": {
          "closed_at": {
            "description": "RFC3339 timestamp.",
            "format": "date-time",
            "type": "string"
          },
          "created_at": {
            "description": "RFC3339 timestamp.",
            "format": "date-time",
            "type": "string"
          },
          "creator": {
            "additionalProperties": false,
            "properties": {
              "avatar_url": {
                "type": "string"
              },
              "id": {
                "type": "integer"
              },
              "login": {
                "type": "string"
              },
              "profile_url": {
                "type": "string"
              }
            },
            "required": [
              "login"
            ],
            "type": "object"
          },
          "deleted_at": {
            "description": "RFC3339 timestamp.",
            "format": "date-time",
            "type": "string"
          },
          "deleted_by": {
            "additionalProperties": false,
            "properties": {
              "avatar_url": {
                "type": "string"
              },
              "id": {
                "type": "integer"
              },
              "login": {
                "type": "string"
              },
              "profile_url": {
                "type": "string"
              }
            },
            "required": [
              "login"
            ],
            "type": "object"
          },
          "description": {
            "type": "string"
          },
          "id": {
            "type": "integer"
          },
          "node_id": {
            "type": "string"
          },
          "number": {
            "type": "integer"
          },
          "owner": {
            "additionalProperties": false,
            "properties": {
              "avatar_url": {
                "type": "string"
              },
              "id": {
                "type": "integer"
              },
              "login": {
                "type": "string"
              },
              "profile_url": {
                "type": "string"
              }
            },
            "required": [
              "login"
            ],
            "type": "object"
          },
          "owner_type": {
            "type": "string"
          },
          "public": {
            "type": "boolean"
          },
          "short_description": {
            "type": "string"
          },
          "title": {
            "type": "string"
          },
          "updated_at": {
            "description": "RFC3339 timestamp.",
            "format": "date-time",
            "type": "string"
          }
        },
        "type": "object"
      },
      "status_update": {
        "additionalProperties": false,
        "properties": {
          "body": {
            "type": "string"
          },
          "created_at": {
            "description": "RFC3339 timestamp.",
            "type": "string"
          },
          "creator": {
            "additionalProperties": false,
            "properties": {
              "avatar_url": {
                "type": "string"
              },
              "id": {
                "type": "integer"
              },
              "login": {
                "type": "string"
              },
              "profile_url": {
                "type": "string"
              }
            },
            "required": [
              "login"
            ],
            "type": "object"
          },
          "id": {
            "type": "string"
          },
          "start_date": {
            "description": "Date in YYYY-MM-DD format.",
            "type": "string"
          },
          "status": {
            "enum": [
              "INACTIVE",
              "ON_TRACK",
              "AT_RISK",
              "OFF_TRACK",
              "COMPLETE"
            ],
            "type": "string"
          },
          "target_date": {
            "description": "Date in YYYY-MM-DD format.",
            "type": "string"
          }
        },
        "required": [
          "id"
        ],
        "type": "object"
      },
      "view": {
        "additionalProperties": false,
        "properties": {
          "filter": {
            "type": "string"
          },
          "id": {
            "type": "string"
          },
          "layout": {
            "enum": [
              "board",
              "table",
              "roadmap"
            ],
            "type": "string"
          },
          "name": {
            "type": "string"
          },
          "number": {
            "type": "integer"
          },
          "visible_fields": {
            "items": {
              "type": "integer"
            },
            "type": "array"
          }
        },
        "required": [
          "id",
          "number",
          "name",
          "layout",
          "filter",
          "visible_fields"
        ],
        "type": "object"
      }
    },
    "required": [
      "method"
    ],
    "type": "object"
  }
}