{
  "annotations": {
    "idempotentHint": false,
    "readOnlyHint": false,
    "title": "Change sub-issue"
  },
  "description": "Add a sub-issue to a parent issue in a GitHub repository.",
  "inputSchema": {
    "properties": {
      "after_id": {
        "description": "The ID of the sub-issue to be prioritized after (either after_id OR before_id should be specified)",
        "type": "number"
      },
      "before_id": {
        "description": "The ID of the sub-issue to be prioritized before (either after_id OR before_id should be specified)",
        "type": "number"
      },
      "issue_number": {
        "description": "The number of the parent issue",
        "type": "number"
      },
      "method": {
        "description": "The action to perform on a single sub-issue\nOptions are:\n- 'add' - add a sub-issue to a parent issue in a GitHub repository.\n- 'remove' - remove a sub-issue from a parent issue in a GitHub repository.\n- 'reprioritize' - change the order of sub-issues within a parent issue in a GitHub repository. Use either 'after_id' or 'before_id' to specify the new position.\nWrites issue hierarchy. To move a sub-issue to a new parent, use `add` with `replace_parent=true`; there is no writable parent field.\n",
        "type": "string"
      },
      "owner": {
        "description": "Repository owner",
        "type": "string"
      },
      "replace_parent": {
        "description": "When true, replaces the sub-issue's current parent issue. Use with 'add' method only.",
        "type": "boolean"
      },
      "repo": {
        "description": "Repository name",
        "type": "string"
      },
      "sub_issue_id": {
        "description": "The ID of the sub-issue to add. ID is not the same as issue number",
        "type": "number"
      }
    },
    "required": [
      "method",
      "owner",
      "repo",
      "issue_number",
      "sub_issue_id"
    ],
    "type": "object"
  },
  "name": "sub_issue_write",
  "outputSchema": {
    "additionalProperties": false,
    "properties": {
      "issue": {
        "additionalProperties": false,
        "properties": {
          "assignees": {
            "items": {
              "type": "string"
            },
            "type": [
              "null",
              "array"
            ]
          },
          "body": {
            "type": [
              "null",
              "string"
            ]
          },
          "closed_at": {
            "description": "Closure time (RFC 3339), when closed.",
            "type": "string"
          },
          "comments": {
            "description": "Number of comments.",
            "type": [
              "null",
              "integer"
            ]
          },
          "created_at": {
            "description": "Creation time (RFC 3339).",
            "type": "string"
          },
          "field_values": {
            "items": {
              "additionalProperties": false,
              "properties": {
                "data_type": {
                  "description": "REST issue field type.",
                  "enum": [
                    "text",
                    "number",
                    "date",
                    "single_select"
                  ],
                  "type": "string"
                },
                "issue_field_id": {
                  "type": "integer"
                },
                "value": {
                  "type": [
                    "string",
                    "number",
                    "boolean",
                    "null"
                  ]
                }
              },
              "required": [
                "issue_field_id",
                "data_type",
                "value"
              ],
              "type": [
                "null",
                "object"
              ]
            },
            "type": [
              "null",
              "array"
            ]
          },
          "html_url": {
            "description": "Human-readable issue link.",
            "type": [
              "null",
              "string"
            ]
          },
          "id": {
            "type": [
              "null",
              "integer"
            ]
          },
          "issue_type": {
            "type": "string"
          },
          "labels": {
            "items": {
              "type": "string"
            },
            "type": [
              "null",
              "array"
            ]
          },
          "milestone": {
            "type": "string"
          },
          "number": {
            "type": [
              "null",
              "integer"
            ]
          },
          "state": {
            "description": "Issue state (lowercase REST value).",
            "enum": [
              "open",
              "closed"
            ],
            "type": [
              "null",
              "string"
            ]
          },
          "state_reason": {
            "enum": [
              "completed",
              "not_planned",
              "reopened",
              "duplicate"
            ],
            "type": [
              "null",
              "string"
            ]
          },
          "sub_issues_summary": {
            "additionalProperties": false,
            "properties": {
              "completed": {
                "description": "Number of completed sub-issues.",
                "type": "integer"
              },
              "percent_completed": {
                "description": "Completed sub-issues as a percentage (0-100).",
                "type": "integer"
              },
              "total": {
                "description": "Total number of sub-issues.",
                "type": "integer"
              }
            },
            "required": [
              "total",
              "completed",
              "percent_completed"
            ],
            "type": [
              "null",
              "object"
            ]
          },
          "title": {
            "type": [
              "null",
              "string"
            ]
          },
          "updated_at": {
            "description": "Last update time (RFC 3339).",
            "type": "string"
          },
          "user": {
            "additionalProperties": false,
            "properties": {
              "id": {
                "type": "integer"
              },
              "login": {
                "type": "string"
              }
            },
            "required": [
              "login"
            ],
            "type": [
              "null",
              "object"
            ]
          }
        },
        "required": [
          "assignees"
        ],
        "type": [
          "object",
          "null"
        ]
      },
      "method": {
        "enum": [
          "add",
          "remove",
          "reprioritize"
        ],
        "type": "string"
      }
    },
    "required": [
      "method",
      "issue"
    ],
    "type": "object"
  }
}